// Jest Snapshot v1, https://goo.gl/fbAQLP

exports[`Bugfix #3 Can't use number as default parameter value in rest controller QueryParam 1`] = `
{
  "header": {
    "connection": "close",
    "content-length": "13",
    "content-type": "application/json; charset=utf-8",
  },
  "req": {
    "data": undefined,
    "headers": {},
    "method": "GET",
  },
  "status": 200,
  "text": "["number",10]",
}
`;
