// Jest Snapshot v1, https://goo.gl/fbAQLP

exports[`interceptors decorators should add Bean metadata to a class when decorated with @UseInterceptors 1`] = `
{
  "test2Method": [
    DecoratorFactory {
      "ids": [
        "test2",
      ],
    },
  ],
  "testMethod": [
    DecoratorFactory {
      "ids": [
        "test",
      ],
    },
  ],
}
`;
