// Jest Snapshot v1, https://goo.gl/fbAQLP

exports[`test plugin with config gabliam build 1`] = `3`;
