// Jest Snapshot v1, https://goo.gl/fbAQLP

exports[`should add Register metadata to a class when decorated with @Resolver() 1`] = `
Array [
  DecoratorFactory {
    "autobind": true,
    "id": [Function],
    "type": "GraphqlResolver",
  },
]
`;
