// Jest Snapshot v1, https://goo.gl/fbAQLP

exports[`Errors with bad config 1`] = `[Error: Error for 'application.mongoose' value{"_original":"bad","details":[{"message":"/"value/" must be one of [object, array]","path":[],"type":"alternatives.types","context":{"types":["object","array"],"label":"value","value":"bad"}}]}]`;

exports[`Errors without config folder 1`] = `[MongoConfigIsMandatoryError: mongooseConfiguration is mandatory.]`;

exports[`must fail when MUnit not found 1`] = `[MongoMUnitNotFoundError: MUnit bad not found]`;

exports[`must fail when getConnection not found 1`] = `"Connection notfound not found"`;

exports[`with config 2 database 1`] = `Array []`;

exports[`with config 2 database 2`] = `"test"`;

exports[`with config 2 database 3`] = `Array []`;

exports[`with config 2 database 4`] = `"test hero"`;

exports[`with config uri 1`] = `Array []`;

exports[`with config uri 2`] = `"test"`;

exports[`with one connection with name and entity without munit 1`] = `Array []`;

exports[`with one connection with name and entity without munit 2`] = `"testoneconnection"`;
