// Jest Snapshot v1, https://goo.gl/fbAQLP

exports[`cache 1`] = `"test"`;

exports[`cache get & put 1`] = `undefined`;

exports[`cache get & put 2`] = `"test"`;

exports[`cache get & put 3`] = `"test"`;

exports[`cache get & put 4`] = `undefined`;

exports[`cache get & put 5`] = `null`;

exports[`cache putIfAbsent 1`] = `"test"`;

exports[`cache putIfAbsent 2`] = `null`;

exports[`cache putIfAbsent 3`] = `null`;

exports[`cache putIfAbsent 4`] = `"test"`;

exports[`cache putIfAbsent 5`] = `"test2"`;

exports[`clear 1`] = `null`;

exports[`clear 2`] = `null`;

exports[`clear 3`] = `null`;

exports[`clear 4`] = `"testnew"`;

exports[`clear 5`] = `"test2"`;

exports[`clear 6`] = `"test3"`;

exports[`clear 7`] = `undefined`;

exports[`clear 8`] = `undefined`;

exports[`clear 9`] = `undefined`;

exports[`evict 1`] = `null`;

exports[`evict 2`] = `null`;

exports[`evict 3`] = `null`;

exports[`evict 4`] = `"test3"`;

exports[`evict 5`] = `undefined`;

exports[`get & put with timeout 1`] = `undefined`;

exports[`get & put with timeout 2`] = `"test"`;

exports[`get & put with timeout 3`] = `"test"`;

exports[`get & put with timeout 4`] = `undefined`;

exports[`get & put with timeout 5`] = `"test"`;

exports[`get & put with timeout 6`] = `undefined`;

exports[`get & put with timeout 7`] = `null`;

exports[`put with duration 1`] = `"test"`;

exports[`put with duration 2`] = `undefined`;
