// Jest Snapshot v1, https://goo.gl/fbAQLP

exports[`cacheable cache args object 1`] = `"hi test"`;

exports[`cacheable cache args object 2`] = `"hi test"`;

exports[`cacheable cache condition + key 1`] = `"hi test"`;

exports[`cacheable cache condition + key 2`] = `"hi test"`;

exports[`cacheable cache condition + key 3`] = `"hi test"`;

exports[`cacheable cache condition + key 4`] = `"hi test"`;

exports[`cacheable cache condition 1`] = `"hi test"`;

exports[`cacheable cache condition 2`] = `"hi test2"`;

exports[`cacheable cache condition 3`] = `"hi test"`;

exports[`cacheable cache condition 4`] = `"hi test2"`;

exports[`cacheable cache key 1`] = `"hi test"`;

exports[`cacheable cache key 2`] = `"hi test"`;

exports[`cacheable cache key 3`] = `"hi test"`;

exports[`cacheable cache muliple cachenames 1`] = `"hi test"`;

exports[`cacheable cache muliple cachenames 2`] = `"hi test"`;

exports[`cacheable cache muliple cachenames 3`] = `"hi test2"`;

exports[`cacheable cache muliple cachenames 4`] = `"hi test2"`;

exports[`cacheable cache muliple cachenames 5`] = `"hi test"`;

exports[`cacheable cache muliple cachenames 6`] = `"hi test"`;

exports[`cacheable cache muliple cachenames 7`] = `"hi test2"`;

exports[`cacheable cache muliple cachenames 8`] = `"hi test2"`;

exports[`cacheable cache unless + key + condition 1`] = `1`;

exports[`cacheable cache unless + key + condition 2`] = `2`;

exports[`cacheable cache unless + key + condition 3`] = `3`;

exports[`cacheable cache unless + key + condition 4`] = `3`;

exports[`cacheable cache unless + key 1`] = `1`;

exports[`cacheable cache unless + key 2`] = `2`;

exports[`cacheable cache unless + key 3`] = `2`;

exports[`cacheable cache unless + key 4`] = `2`;

exports[`cacheable cache unless 1`] = `16`;

exports[`cacheable cache unless 2`] = `19`;

exports[`cacheable cache unless 2 1`] = `[]`;

exports[`cacheable cache unless 2 2`] = `19`;

exports[`cacheable cache unless 2 3`] = `[]`;

exports[`cacheable cache unless 2 4`] = `19`;

exports[`cacheable cache unless 3`] = `16`;

exports[`cacheable cache unless 4`] = `19`;

exports[`cacheable errors error on condition 1`] = `"hi test test"`;

exports[`cacheable errors error on condition 2`] = `"hi test test"`;

exports[`cacheable errors error on condition 3`] = `"hi test2 test2"`;

exports[`cacheable errors error on key 1`] = `"hi test test"`;

exports[`cacheable errors error on key 2`] = `"hi test test"`;

exports[`cacheable errors error on key 3`] = `"hi test2 test2"`;

exports[`cacheable simple cache 1`] = `"hi test test"`;

exports[`cacheable simple cache 2`] = `"hi test test"`;

exports[`cacheable simple cache 3`] = `"hi test2 test2"`;
