// Jest Snapshot v1, https://goo.gl/fbAQLP

exports[`koa integration update req values req.body 1`] = `
Object {
  "header": Object {
    "connection": "close",
    "content-length": "3",
    "content-type": "text/plain; charset=utf-8",
  },
  "req": Object {
    "data": Object {
      "first": "john",
      "role": "admin",
    },
    "headers": Object {
      "content-type": "application/json",
    },
    "method": "POST",
  },
  "status": 200,
  "text": "lol",
}
`;

exports[`koa integration update req values req.headers 1`] = `
Object {
  "accept": "application/json",
  "accept-encoding": "gzip, deflate",
  "connection": "close",
  "id": 12,
  "secret-header": "@@@@@@",
  "user-agent": "node-superagent/3.8.3",
}
`;

exports[`koa integration update req values req.headers 2`] = `
Object {
  "header": Object {
    "connection": "close",
    "content-length": "1",
    "content-type": "text/plain; charset=utf-8",
  },
  "req": Object {
    "data": undefined,
    "headers": Object {
      "accept": "application/json",
    },
    "method": "GET",
  },
  "status": 200,
  "text": "k",
}
`;

exports[`koa integration update req values req.params 1`] = `
Object {
  "header": Object {
    "connection": "close",
    "content-length": "1",
    "content-type": "text/plain; charset=utf-8",
  },
  "req": Object {
    "data": undefined,
    "headers": Object {},
    "method": "GET",
  },
  "status": 200,
  "text": "k",
}
`;

exports[`koa integration update req values req.query 1`] = `
Object {
  "header": Object {
    "connection": "close",
    "content-length": "1",
    "content-type": "text/plain; charset=utf-8",
  },
  "req": Object {
    "data": undefined,
    "headers": Object {},
    "method": "GET",
  },
  "status": 200,
  "text": "k",
}
`;

exports[`koa integration validations req.body 1`] = `
Object {
  "header": Object {
    "connection": "close",
    "content-length": "156",
    "content-type": "application/json; charset=utf-8",
  },
  "req": Object {
    "data": Object {
      "first": "john",
      "last": 123,
    },
    "headers": Object {
      "content-type": "application/json",
    },
    "method": "POST",
  },
  "status": 400,
  "text": "{\\"statusCode\\":400,\\"error\\":\\"Bad Request\\",\\"message\\":\\"child /\\"last/\\" fails because [/\\"last/\\" must be a string]\\",\\"validation\\":{\\"source\\":\\"body\\",\\"keys\\":[\\"last\\"]}}",
}
`;

exports[`koa integration validations req.headers 1`] = `
Object {
  "header": Object {
    "connection": "close",
    "content-length": "228",
    "content-type": "application/json; charset=utf-8",
  },
  "req": Object {
    "data": undefined,
    "headers": Object {
      "accept": "application/json",
    },
    "method": "GET",
  },
  "status": 400,
  "text": "{\\"statusCode\\":400,\\"error\\":\\"Bad Request\\",\\"message\\":\\"child /\\"accept/\\" fails because [/\\"accept/\\" with value /\\"application&#x2f;json/\\" fails to match the required pattern: /xml/]\\",\\"validation\\":{\\"source\\":\\"headers\\",\\"keys\\":[\\"accept\\"]}}",
}
`;

exports[`koa integration validations req.params 1`] = `
Object {
  "header": Object {
    "connection": "close",
    "content-length": "193",
    "content-type": "application/json; charset=utf-8",
  },
  "req": Object {
    "data": undefined,
    "headers": Object {},
    "method": "GET",
  },
  "status": 400,
  "text": "{\\"statusCode\\":400,\\"error\\":\\"Bad Request\\",\\"message\\":\\"child /\\"id/\\" fails because [/\\"id/\\" must only contain alpha-numeric and underscore characters]\\",\\"validation\\":{\\"source\\":\\"params\\",\\"keys\\":[\\"id\\"]}}",
}
`;

exports[`koa integration validations req.query 1`] = `
Object {
  "header": Object {
    "connection": "close",
    "content-length": "122",
    "content-type": "application/json; charset=utf-8",
  },
  "req": Object {
    "data": undefined,
    "headers": Object {},
    "method": "GET",
  },
  "status": 400,
  "text": "{\\"statusCode\\":400,\\"error\\":\\"Bad Request\\",\\"message\\":\\"/\\"end/\\" is not allowed\\",\\"validation\\":{\\"source\\":\\"query\\",\\"keys\\":[\\"end\\"]}}",
}
`;
